2026-01-10 09:00:12 INFO Authentication User login successful
2026-01-10 09:01:18 WARNING Database Slow query detected
2026-01-10 09:02:05 ERROR Database Connection timeout
2026-01-10 09:03:44 INFO Payment Payment initiated
2026-01-10 09:04:30 ERROR Authentication Invalid credentials
2026-01-10 09:05:15 WARNING Payment Payment delayed
2026-01-10 09:06:20 INFO Inventory Stock updated
2026-01-10 09:07:55 ERROR Inventory Product not found
2026-01-10 09:08:12 WARNING Authentication Password expiring soon
2026-01-10 09:09:40 ERROR Payment Transaction failed
2026-01-10 09:10:11 INFO Database Backup completed
2026-01-10 09:11:20 WARNING Inventory Low stock warning
2026-01-10 09:12:35 ERROR Database Query execution failed
2026-01-10 09:13:41 INFO Authentication User logout
2026-01-10 09:14:29 ERROR Payment Card verification failed
2026-01-10 09:15:18 WARNING Database High CPU usage
2026-01-10 09:16:47 ERROR Inventory Warehouse sync failed
2026-01-10 09:17:56 INFO Payment Invoice generated
2026-01-10 09:18:30 WARNING Authentication Multiple login attempts
2026-01-10 09:19:12 ERROR Database Deadlock detected
